---
version: 1
interactions:
- request:
    body: ""
    form: {}
    headers: {}
    url: https://gitlab.com/api/v4/
    method: GET
  response:
    body: '{"error":"404 Not Found"}'
    headers:
      Cache-Control:
      - no-cache
      Cf-Cache-Status:
      - DYNAMIC
      Cf-Ray:
      - 659c719aaac0cf9a-FOR
      Cf-Request-Id:
      - 0a75a554a50000cf9a4a31e000000001
      Content-Length:
      - "25"
      Content-Type:
      - application/json
      Date:
      - Thu, 03 Jun 2021 22:44:02 GMT
      Expect-Ct:
      - max-age=604800, report-uri="https://report-uri.cloudflare.com/cdn-cgi/beacon/expect-ct"
      Gitlab-Lb:
      - fe-08-lb-gprd
      Gitlab-Sv:
      - localhost
      Ratelimit-Limit:
      - "2000"
      Ratelimit-Observed:
      - "1"
      Ratelimit-Remaining:
      - "1999"
      Ratelimit-Reset:
      - "1622760302"
      Ratelimit-Resettime:
      - Thu, 03 Jun 2021 22:45:02 GMT
      Referrer-Policy:
      - strict-origin-when-cross-origin
      Server:
      - cloudflare
      Strict-Transport-Security:
      - max-age=31536000
      Vary:
      - Origin
      X-Content-Type-Options:
      - nosniff
      X-Frame-Options:
      - SAMEORIGIN
      X-Gitlab-Feature-Category:
      - not_owned
      X-Request-Id:
      - 01F7A0RF816NEDF85TFPRDS75Q
      X-Runtime:
      - "0.034086"
    status: 404 Not Found
    code: 404
    duration: ""
- request:
    body: ""
    form: {}
    headers:
      Accept:
      - application/json
      Private-Token:
      - ""
      User-Agent:
      - go-gitlab
    url: https://gitlab.com/api/v4/groups/weaveworks
    method: GET
  response:
    body: '{"id":12141987,"web_url":"https://gitlab.com/groups/weaveworks","name":"weaveworks","path":"weaveworks","description":"","visibility":"private","share_with_group_lock":false,"require_two_factor_authentication":false,"two_factor_grace_period":48,"project_creation_level":"developer","auto_devops_enabled":null,"subgroup_creation_level":"maintainer","emails_disabled":null,"mentions_disabled":null,"lfs_enabled":true,"default_branch_protection":2,"avatar_url":null,"request_access_enabled":true,"full_name":"weaveworks","full_path":"weaveworks","created_at":"2021-05-20T22:02:18.183Z","parent_id":null,"ldap_cn":null,"ldap_access":null,"shared_with_groups":[],"runners_token":"S9mhqjq_APFxx4DNeyUa","projects":[],"shared_projects":[],"shared_runners_minutes_limit":null,"extra_shared_runners_minutes_limit":null,"prevent_forking_outside_group":null}'
    headers:
      Cache-Control:
      - max-age=0, private, must-revalidate
      Cf-Cache-Status:
      - DYNAMIC
      Cf-Ray:
      - 659c719bddc5cf9a-FOR
      Cf-Request-Id:
      - 0a75a555680000cf9afb936000000001
      Content-Type:
      - application/json
      Date:
      - Thu, 03 Jun 2021 22:44:02 GMT
      Etag:
      - W/"3a8328e8e2ab64f7f3a79988521d05be"
      Expect-Ct:
      - max-age=604800, report-uri="https://report-uri.cloudflare.com/cdn-cgi/beacon/expect-ct"
      Gitlab-Lb:
      - fe-05-lb-gprd
      Gitlab-Sv:
      - localhost
      Ratelimit-Limit:
      - "2000"
      Ratelimit-Observed:
      - "2"
      Ratelimit-Remaining:
      - "1998"
      Ratelimit-Reset:
      - "1622760302"
      Ratelimit-Resettime:
      - Thu, 03 Jun 2021 22:45:02 GMT
      Referrer-Policy:
      - strict-origin-when-cross-origin
      Server:
      - cloudflare
      Strict-Transport-Security:
      - max-age=31536000
      Vary:
      - Origin
      X-Content-Type-Options:
      - nosniff
      X-Frame-Options:
      - SAMEORIGIN
      X-Gitlab-Feature-Category:
      - subgroups
      X-Request-Id:
      - 01F7A0RFDPXK8WD84SWB949X2H
      X-Runtime:
      - "0.067637"
    status: 200 OK
    code: 200
    duration: ""
- request:
    body: '{"name":"test-org-repo","namespace_id":12141987,"default_branch":"master","description":"test
      org repository","visibility":"private","initialize_with_readme":true}'
    form: {}
    headers:
      Accept:
      - application/json
      Content-Type:
      - application/json
      Private-Token:
      - ""
      User-Agent:
      - go-gitlab
    url: https://gitlab.com/api/v4/projects
    method: POST
  response:
    body: '{"id":27149941,"description":"test org repository","name":"test-org-repo","name_with_namespace":"weaveworks
      / test-org-repo","path":"test-org-repo","path_with_namespace":"weaveworks/test-org-repo","created_at":"2021-06-03T22:44:02.994Z","default_branch":"main","tag_list":[],"ssh_url_to_repo":"git@gitlab.com:weaveworks/test-org-repo.git","http_url_to_repo":"https://gitlab.com/weaveworks/test-org-repo.git","web_url":"https://gitlab.com/weaveworks/test-org-repo","readme_url":"https://gitlab.com/weaveworks/test-org-repo/-/blob/main/README.md","avatar_url":null,"forks_count":0,"star_count":0,"last_activity_at":"2021-06-03T22:44:02.994Z","namespace":{"id":12141987,"name":"weaveworks","path":"weaveworks","kind":"group","full_path":"weaveworks","parent_id":null,"avatar_url":null,"web_url":"https://gitlab.com/groups/weaveworks"},"container_registry_image_prefix":"registry.gitlab.com/weaveworks/test-org-repo","_links":{"self":"https://gitlab.com/api/v4/projects/27149941","issues":"https://gitlab.com/api/v4/projects/27149941/issues","merge_requests":"https://gitlab.com/api/v4/projects/27149941/merge_requests","repo_branches":"https://gitlab.com/api/v4/projects/27149941/repository/branches","labels":"https://gitlab.com/api/v4/projects/27149941/labels","events":"https://gitlab.com/api/v4/projects/27149941/events","members":"https://gitlab.com/api/v4/projects/27149941/members"},"packages_enabled":true,"empty_repo":false,"archived":false,"visibility":"private","resolve_outdated_diff_discussions":false,"container_registry_enabled":true,"container_expiration_policy":{"cadence":"1d","enabled":false,"keep_n":10,"older_than":"90d","name_regex":".*","name_regex_keep":null,"next_run_at":"2021-06-04T22:44:03.015Z"},"issues_enabled":true,"merge_requests_enabled":true,"wiki_enabled":true,"jobs_enabled":true,"snippets_enabled":true,"service_desk_enabled":true,"service_desk_address":"incoming+weaveworks-test-org-repo-27149941-issue-@incoming.gitlab.com","can_create_merge_request_in":true,"issues_access_level":"enabled","repository_access_level":"enabled","merge_requests_access_level":"enabled","forking_access_level":"enabled","wiki_access_level":"enabled","builds_access_level":"enabled","snippets_access_level":"enabled","pages_access_level":"private","operations_access_level":"enabled","analytics_access_level":"enabled","emails_disabled":null,"shared_runners_enabled":true,"lfs_enabled":true,"creator_id":6420,"import_status":"none","import_error":null,"open_issues_count":0,"runners_token":"nQbstSXzCaMwybyqEqCc","ci_default_git_depth":50,"ci_forward_deployment_enabled":true,"public_jobs":true,"build_git_strategy":"fetch","build_timeout":3600,"auto_cancel_pending_pipelines":"enabled","build_coverage_regex":null,"ci_config_path":"","shared_with_groups":[],"only_allow_merge_if_pipeline_succeeds":false,"allow_merge_on_skipped_pipeline":null,"restrict_user_defined_variables":false,"request_access_enabled":true,"only_allow_merge_if_all_discussions_are_resolved":false,"remove_source_branch_after_merge":true,"printing_merge_request_link_enabled":true,"merge_method":"merge","suggestion_commit_message":null,"auto_devops_enabled":false,"auto_devops_deploy_strategy":"continuous","autoclose_referenced_issues":true,"external_authorization_classification_label":"","requirements_enabled":false,"security_and_compliance_enabled":true,"compliance_frameworks":[]}'
    headers:
      Cache-Control:
      - max-age=0, private, must-revalidate
      Cf-Cache-Status:
      - DYNAMIC
      Cf-Ray:
      - 659c719d2984cf9a-FOR
      Cf-Request-Id:
      - 0a75a556390000cf9a6a2e6000000001
      Content-Type:
      - application/json
      Date:
      - Thu, 03 Jun 2021 22:44:04 GMT
      Etag:
      - W/"79742a5a045c0e7a685ab2739deae44c"
      Expect-Ct:
      - max-age=604800, report-uri="https://report-uri.cloudflare.com/cdn-cgi/beacon/expect-ct"
      Gitlab-Lb:
      - fe-11-lb-gprd
      Gitlab-Sv:
      - localhost
      Ratelimit-Limit:
      - "2000"
      Ratelimit-Observed:
      - "3"
      Ratelimit-Remaining:
      - "1997"
      Ratelimit-Reset:
      - "1622760304"
      Ratelimit-Resettime:
      - Thu, 03 Jun 2021 22:45:04 GMT
      Referrer-Policy:
      - strict-origin-when-cross-origin
      Server:
      - cloudflare
      Strict-Transport-Security:
      - max-age=31536000
      Vary:
      - Origin
      X-Content-Type-Options:
      - nosniff
      X-Frame-Options:
      - SAMEORIGIN
      X-Gitlab-Feature-Category:
      - projects
      X-Request-Id:
      - 01F7A0RFPM2VJ0NBABWB4XMJ4B
      X-Runtime:
      - "1.118544"
    status: 201 Created
    code: 201
    duration: ""
- request:
    body: ""
    form: {}
    headers:
      Accept:
      - application/json
      Private-Token:
      - ""
      User-Agent:
      - go-gitlab
    url: https://gitlab.com/api/v4/groups/doesnotexists
    method: GET
  response:
    body: '{"message":"404 Group Not Found"}'
    headers:
      Cache-Control:
      - no-cache
      Cf-Cache-Status:
      - DYNAMIC
      Cf-Ray:
      - 659c71a58ccfcf9a-FOR
      Cf-Request-Id:
      - 0a75a55b730000cf9a0dba6000000001
      Content-Length:
      - "33"
      Content-Type:
      - application/json
      Date:
      - Thu, 03 Jun 2021 22:44:04 GMT
      Expect-Ct:
      - max-age=604800, report-uri="https://report-uri.cloudflare.com/cdn-cgi/beacon/expect-ct"
      Gitlab-Lb:
      - fe-06-lb-gprd
      Gitlab-Sv:
      - localhost
      Ratelimit-Limit:
      - "2000"
      Ratelimit-Observed:
      - "4"
      Ratelimit-Remaining:
      - "1996"
      Ratelimit-Reset:
      - "1622760304"
      Ratelimit-Resettime:
      - Thu, 03 Jun 2021 22:45:04 GMT
      Referrer-Policy:
      - strict-origin-when-cross-origin
      Server:
      - cloudflare
      Strict-Transport-Security:
      - max-age=31536000
      Vary:
      - Origin
      X-Content-Type-Options:
      - nosniff
      X-Frame-Options:
      - SAMEORIGIN
      X-Gitlab-Feature-Category:
      - subgroups
      X-Request-Id:
      - 01F7A0RGY1DR1BKANA106SJNTR
      X-Runtime:
      - "0.073610"
    status: 404 Not Found
    code: 404
    duration: ""
- request:
    body: ""
    form: {}
    headers:
      Accept:
      - application/json
      Private-Token:
      - ""
      User-Agent:
      - go-gitlab
    url: https://gitlab.com/api/v4/projects/weaveworks%2Ftest-org-repo
    method: GET
  response:
    body: '{"id":27149941,"description":"test org repository","name":"test-org-repo","name_with_namespace":"weaveworks
      / test-org-repo","path":"test-org-repo","path_with_namespace":"weaveworks/test-org-repo","created_at":"2021-06-03T22:44:02.994Z","default_branch":"main","tag_list":[],"ssh_url_to_repo":"git@gitlab.com:weaveworks/test-org-repo.git","http_url_to_repo":"https://gitlab.com/weaveworks/test-org-repo.git","web_url":"https://gitlab.com/weaveworks/test-org-repo","readme_url":"https://gitlab.com/weaveworks/test-org-repo/-/blob/main/README.md","avatar_url":null,"forks_count":0,"star_count":0,"last_activity_at":"2021-06-03T22:44:02.994Z","namespace":{"id":12141987,"name":"weaveworks","path":"weaveworks","kind":"group","full_path":"weaveworks","parent_id":null,"avatar_url":null,"web_url":"https://gitlab.com/groups/weaveworks"},"container_registry_image_prefix":"registry.gitlab.com/weaveworks/test-org-repo","_links":{"self":"https://gitlab.com/api/v4/projects/27149941","issues":"https://gitlab.com/api/v4/projects/27149941/issues","merge_requests":"https://gitlab.com/api/v4/projects/27149941/merge_requests","repo_branches":"https://gitlab.com/api/v4/projects/27149941/repository/branches","labels":"https://gitlab.com/api/v4/projects/27149941/labels","events":"https://gitlab.com/api/v4/projects/27149941/events","members":"https://gitlab.com/api/v4/projects/27149941/members"},"packages_enabled":true,"empty_repo":false,"archived":false,"visibility":"private","resolve_outdated_diff_discussions":false,"container_registry_enabled":true,"container_expiration_policy":{"cadence":"1d","enabled":false,"keep_n":10,"older_than":"90d","name_regex":".*","name_regex_keep":null,"next_run_at":"2021-06-04T22:44:03.015Z"},"issues_enabled":true,"merge_requests_enabled":true,"wiki_enabled":true,"jobs_enabled":true,"snippets_enabled":true,"service_desk_enabled":true,"service_desk_address":"incoming+weaveworks-test-org-repo-27149941-issue-@incoming.gitlab.com","can_create_merge_request_in":true,"issues_access_level":"enabled","repository_access_level":"enabled","merge_requests_access_level":"enabled","forking_access_level":"enabled","wiki_access_level":"enabled","builds_access_level":"enabled","snippets_access_level":"enabled","pages_access_level":"private","operations_access_level":"enabled","analytics_access_level":"enabled","emails_disabled":null,"shared_runners_enabled":true,"lfs_enabled":true,"creator_id":6420,"import_status":"none","import_error":null,"open_issues_count":0,"runners_token":"nQbstSXzCaMwybyqEqCc","ci_default_git_depth":50,"ci_forward_deployment_enabled":true,"public_jobs":true,"build_git_strategy":"fetch","build_timeout":3600,"auto_cancel_pending_pipelines":"enabled","build_coverage_regex":null,"ci_config_path":"","shared_with_groups":[],"only_allow_merge_if_pipeline_succeeds":false,"allow_merge_on_skipped_pipeline":null,"restrict_user_defined_variables":false,"request_access_enabled":true,"only_allow_merge_if_all_discussions_are_resolved":false,"remove_source_branch_after_merge":true,"printing_merge_request_link_enabled":true,"merge_method":"merge","suggestion_commit_message":null,"auto_devops_enabled":false,"auto_devops_deploy_strategy":"continuous","autoclose_referenced_issues":true,"external_authorization_classification_label":"","requirements_enabled":false,"security_and_compliance_enabled":true,"compliance_frameworks":[],"permissions":{"project_access":null,"group_access":{"access_level":50,"notification_level":3}}}'
    headers:
      Cache-Control:
      - max-age=0, private, must-revalidate
      Cf-Cache-Status:
      - DYNAMIC
      Cf-Ray:
      - 659c71a728b4cf9a-FOR
      Cf-Request-Id:
      - 0a75a55c750000cf9a6137c000000001
      Content-Type:
      - application/json
      Date:
      - Thu, 03 Jun 2021 22:44:04 GMT
      Etag:
      - W/"e228926764b54b693420ad792e14380a"
      Expect-Ct:
      - max-age=604800, report-uri="https://report-uri.cloudflare.com/cdn-cgi/beacon/expect-ct"
      Gitlab-Lb:
      - fe-01-lb-gprd
      Gitlab-Sv:
      - localhost
      Ratelimit-Limit:
      - "2000"
      Ratelimit-Observed:
      - "5"
      Ratelimit-Remaining:
      - "1995"
      Ratelimit-Reset:
      - "1622760304"
      Ratelimit-Resettime:
      - Thu, 03 Jun 2021 22:45:04 GMT
      Referrer-Policy:
      - strict-origin-when-cross-origin
      Server:
      - cloudflare
      Strict-Transport-Security:
      - max-age=31536000
      Vary:
      - Origin
      X-Content-Type-Options:
      - nosniff
      X-Frame-Options:
      - SAMEORIGIN
      X-Gitlab-Feature-Category:
      - projects
      X-Request-Id:
      - 01F7A0RH6PRPAYKGSD77BPCW3X
      X-Runtime:
      - "0.101598"
    status: 200 OK
    code: 200
    duration: ""
- request:
    body: ""
    form: {}
    headers:
      Accept:
      - application/json
      Private-Token:
      - ""
      User-Agent:
      - go-gitlab
    url: https://gitlab.com/api/v4/projects/weaveworks%2Ftest-org-repo/repository/commits?per_page=1&ref_name=main
    method: GET
  response:
    body: '[{"id":"75626e2a5bcc96ece879453951706440a0a112e6","short_id":"75626e2a","created_at":"2021-06-03T22:44:03.000+00:00","parent_ids":[],"title":"Initial
      commit","message":"Initial commit","author_name":"Luiz Filho","author_email":"bot@gmail.com","authored_date":"2021-06-03T22:44:03.000+00:00","committer_name":"Luiz
      Filho","committer_email":"bot@gmail.com","committed_date":"2021-06-03T22:44:03.000+00:00","web_url":"https://gitlab.com/weaveworks/test-org-repo/-/commit/75626e2a5bcc96ece879453951706440a0a112e6"}]'
    headers:
      Cache-Control:
      - max-age=0, private, must-revalidate
      Cf-Cache-Status:
      - DYNAMIC
      Cf-Ray:
      - 659c71a8fd07cf9a-FOR
      Cf-Request-Id:
      - 0a75a55d9d0000cf9af2105000000001
      Content-Type:
      - application/json
      Date:
      - Thu, 03 Jun 2021 22:44:04 GMT
      Etag:
      - W/"5d8e9a8b59b4b1b21dd45dce874030ec"
      Expect-Ct:
      - max-age=604800, report-uri="https://report-uri.cloudflare.com/cdn-cgi/beacon/expect-ct"
      Gitlab-Lb:
      - fe-03-lb-gprd
      Gitlab-Sv:
      - localhost
      Link:
      - <https://gitlab.com/api/v4/projects/weaveworks%2Ftest-org-repo/repository/commits?id=weaveworks%2Ftest-org-repo&order=default&page=2&per_page=1&ref_name=main>;
        rel="next", <https://gitlab.com/api/v4/projects/weaveworks%2Ftest-org-repo/repository/commits?id=weaveworks%2Ftest-org-repo&order=default&page=1&per_page=1&ref_name=main>;
        rel="first", <https://gitlab.com/api/v4/projects/weaveworks%2Ftest-org-repo/repository/commits?id=weaveworks%2Ftest-org-repo&order=default&page=2&per_page=1&ref_name=main>;
        rel="last"
      Ratelimit-Limit:
      - "2000"
      Ratelimit-Observed:
      - "6"
      Ratelimit-Remaining:
      - "1994"
      Ratelimit-Reset:
      - "1622760304"
      Ratelimit-Resettime:
      - Thu, 03 Jun 2021 22:45:04 GMT
      Referrer-Policy:
      - strict-origin-when-cross-origin
      Server:
      - cloudflare
      Strict-Transport-Security:
      - max-age=31536000
      Vary:
      - Origin
      X-Content-Type-Options:
      - nosniff
      X-Frame-Options:
      - SAMEORIGIN
      X-Gitlab-Feature-Category:
      - source_code_management
      X-Next-Page:
      - "2"
      X-Page:
      - "1"
      X-Per-Page:
      - "1"
      X-Prev-Page:
      - ""
      X-Request-Id:
      - 01F7A0RHFKDV6RYWWK9H4PCAX9
      X-Runtime:
      - "0.069503"
    status: 200 OK
    code: 200
    duration: ""
- request:
    body: '{"branch":"test-org-branch","ref":"75626e2a5bcc96ece879453951706440a0a112e6"}'
    form: {}
    headers:
      Accept:
      - application/json
      Content-Type:
      - application/json
      Private-Token:
      - ""
      User-Agent:
      - go-gitlab
    url: https://gitlab.com/api/v4/projects/weaveworks%2Ftest-org-repo/repository/branches
    method: POST
  response:
    body: '{"name":"test-org-branch","commit":{"id":"75626e2a5bcc96ece879453951706440a0a112e6","short_id":"75626e2a","created_at":"2021-06-03T22:44:03.000+00:00","parent_ids":[],"title":"Initial
      commit","message":"Initial commit","author_name":"Luiz Filho","author_email":"bot@gmail.com","authored_date":"2021-06-03T22:44:03.000+00:00","committer_name":"Luiz
      Filho","committer_email":"bot@gmail.com","committed_date":"2021-06-03T22:44:03.000+00:00","web_url":"https://gitlab.com/weaveworks/test-org-repo/-/commit/75626e2a5bcc96ece879453951706440a0a112e6"},"merged":false,"protected":false,"developers_can_push":false,"developers_can_merge":false,"can_push":true,"default":false,"web_url":"https://gitlab.com/weaveworks/test-org-repo/-/tree/test-org-branch"}'
    headers:
      Cache-Control:
      - max-age=0, private, must-revalidate
      Cf-Cache-Status:
      - DYNAMIC
      Cf-Ray:
      - 659c71aa585ecf9a-FOR
      Cf-Request-Id:
      - 0a75a55e790000cf9ae91f7000000001
      Content-Length:
      - "772"
      Content-Type:
      - application/json
      Date:
      - Thu, 03 Jun 2021 22:44:05 GMT
      Etag:
      - W/"0e39b17816fc0ccd1b90c5ad0540b0c3"
      Expect-Ct:
      - max-age=604800, report-uri="https://report-uri.cloudflare.com/cdn-cgi/beacon/expect-ct"
      Gitlab-Lb:
      - fe-07-lb-gprd
      Gitlab-Sv:
      - localhost
      Ratelimit-Limit:
      - "2000"
      Ratelimit-Observed:
      - "6"
      Ratelimit-Remaining:
      - "1994"
      Ratelimit-Reset:
      - "1622760305"
      Ratelimit-Resettime:
      - Thu, 03 Jun 2021 22:45:05 GMT
      Referrer-Policy:
      - strict-origin-when-cross-origin
      Server:
      - cloudflare
      Strict-Transport-Security:
      - max-age=31536000
      Vary:
      - Origin
      X-Content-Type-Options:
      - nosniff
      X-Frame-Options:
      - SAMEORIGIN
      X-Gitlab-Feature-Category:
      - source_code_management
      X-Request-Id:
      - 01F7A0RHPZ9F7JJ4PENXS7DMW6
      X-Runtime:
      - "0.438593"
    status: 201 Created
    code: 201
    duration: ""
- request:
    body: '{"branch":"test-org-branch","commit_message":"added config files","actions":[{"action":"create","file_path":"setup/config.yaml","content":"init
      content"}]}'
    form: {}
    headers:
      Accept:
      - application/json
      Content-Type:
      - application/json
      Private-Token:
      - ""
      User-Agent:
      - go-gitlab
    url: https://gitlab.com/api/v4/projects/weaveworks%2Ftest-org-repo/repository/commits
    method: POST
  response:
    body: '{"id":"b44c49e67dcc45b110a705f51dcd75108962a06e","short_id":"b44c49e6","created_at":"2021-06-03T22:44:05.000+00:00","parent_ids":["75626e2a5bcc96ece879453951706440a0a112e6"],"title":"added
      config files","message":"added config files","author_name":"Luiz Filho","author_email":"bot@gmail.com","authored_date":"2021-06-03T22:44:05.000+00:00","committer_name":"Luiz
      Filho","committer_email":"bot@gmail.com","committed_date":"2021-06-03T22:44:05.000+00:00","web_url":"https://gitlab.com/weaveworks/test-org-repo/-/commit/b44c49e67dcc45b110a705f51dcd75108962a06e","stats":{"additions":1,"deletions":0,"total":1},"status":null,"project_id":27149941,"last_pipeline":null}'
    headers:
      Cache-Control:
      - max-age=0, private, must-revalidate
      Cf-Cache-Status:
      - DYNAMIC
      Cf-Ray:
      - 659c71ae8a54cf9a-FOR
      Cf-Request-Id:
      - 0a75a561190000cf9afba70000000001
      Content-Length:
      - "685"
      Content-Type:
      - application/json
      Date:
      - Thu, 03 Jun 2021 22:44:06 GMT
      Etag:
      - W/"babdfd5f6acd2ffbe41b3a5d1962f88c"
      Expect-Ct:
      - max-age=604800, report-uri="https://report-uri.cloudflare.com/cdn-cgi/beacon/expect-ct"
      Gitlab-Lb:
      - fe-02-lb-gprd
      Gitlab-Sv:
      - localhost
      Ratelimit-Limit:
      - "2000"
      Ratelimit-Observed:
      - "7"
      Ratelimit-Remaining:
      - "1993"
      Ratelimit-Reset:
      - "1622760306"
      Ratelimit-Resettime:
      - Thu, 03 Jun 2021 22:45:06 GMT
      Referrer-Policy:
      - strict-origin-when-cross-origin
      Server:
      - cloudflare
      Strict-Transport-Security:
      - max-age=31536000
      Vary:
      - Origin
      X-Content-Type-Options:
      - nosniff
      X-Frame-Options:
      - SAMEORIGIN
      X-Gitlab-Feature-Category:
      - source_code_management
      X-Request-Id:
      - 01F7A0RJEKSGRHXED3CDB9YQ10
      X-Runtime:
      - "0.339983"
    status: 201 Created
    code: 201
    duration: ""
- request:
    body: '{"title":"config files","description":"test description","source_branch":"test-org-branch","target_branch":"main"}'
    form: {}
    headers:
      Accept:
      - application/json
      Content-Type:
      - application/json
      Private-Token:
      - ""
      User-Agent:
      - go-gitlab
    url: https://gitlab.com/api/v4/projects/weaveworks%2Ftest-org-repo/merge_requests
    method: POST
  response:
    body: '{"id":102745188,"iid":1,"project_id":27149941,"title":"config files","description":"test
      description","state":"opened","created_at":"2021-06-03T22:44:06.388Z","updated_at":"2021-06-03T22:44:06.388Z","merged_by":null,"merged_at":null,"closed_by":null,"closed_at":null,"target_branch":"main","source_branch":"test-org-branch","user_notes_count":0,"upvotes":0,"downvotes":0,"author":{"id":6420,"name":"Luiz
      Filho","username":"bot","state":"active","avatar_url":"https://secure.gravatar.com/avatar/84b9186b342c92c3f9239f085a66f8ce?s=80\u0026d=identicon","web_url":"https://gitlab.com/bot"},"assignees":[],"assignee":null,"reviewers":[],"source_project_id":27149941,"target_project_id":27149941,"labels":[],"work_in_progress":false,"milestone":null,"merge_when_pipeline_succeeds":false,"merge_status":"checking","sha":"b44c49e67dcc45b110a705f51dcd75108962a06e","merge_commit_sha":null,"squash_commit_sha":null,"discussion_locked":null,"should_remove_source_branch":null,"force_remove_source_branch":null,"reference":"!1","references":{"short":"!1","relative":"!1","full":"weaveworks/test-org-repo!1"},"web_url":"https://gitlab.com/weaveworks/test-org-repo/-/merge_requests/1","time_stats":{"time_estimate":0,"total_time_spent":0,"human_time_estimate":null,"human_total_time_spent":null},"squash":false,"task_completion_status":{"count":0,"completed_count":0},"has_conflicts":false,"blocking_discussions_resolved":true,"approvals_before_merge":null,"subscribed":true,"changes_count":"1","latest_build_started_at":null,"latest_build_finished_at":null,"first_deployed_to_production_at":null,"pipeline":null,"head_pipeline":null,"diff_refs":{"base_sha":"75626e2a5bcc96ece879453951706440a0a112e6","head_sha":"b44c49e67dcc45b110a705f51dcd75108962a06e","start_sha":"75626e2a5bcc96ece879453951706440a0a112e6"},"merge_error":null,"user":{"can_merge":true}}'
    headers:
      Cache-Control:
      - max-age=0, private, must-revalidate
      Cf-Cache-Status:
      - DYNAMIC
      Cf-Ray:
      - 659c71b26bb3cf9a-FOR
      Cf-Request-Id:
      - 0a75a563870000cf9afbab3000000001
      Content-Length:
      - "1868"
      Content-Type:
      - application/json
      Date:
      - Thu, 03 Jun 2021 22:44:07 GMT
      Etag:
      - W/"e1d670fb6d9979c2f9ca8c0ed3cf42a1"
      Expect-Ct:
      - max-age=604800, report-uri="https://report-uri.cloudflare.com/cdn-cgi/beacon/expect-ct"
      Gitlab-Lb:
      - fe-05-lb-gprd
      Gitlab-Sv:
      - localhost
      Ratelimit-Limit:
      - "2000"
      Ratelimit-Observed:
      - "8"
      Ratelimit-Remaining:
      - "1992"
      Ratelimit-Reset:
      - "1622760306"
      Ratelimit-Resettime:
      - Thu, 03 Jun 2021 22:45:06 GMT
      Referrer-Policy:
      - strict-origin-when-cross-origin
      Server:
      - cloudflare
      Strict-Transport-Security:
      - max-age=31536000
      Vary:
      - Origin
      X-Content-Type-Options:
      - nosniff
      X-Frame-Options:
      - SAMEORIGIN
      X-Gitlab-Feature-Category:
      - code_review
      X-Request-Id:
      - 01F7A0RK17QFE2QWB9N7C2FC9C
      X-Runtime:
      - "0.677486"
    status: 201 Created
    code: 201
    duration: ""
- request:
    body: ""
    form: {}
    headers:
      Accept:
      - application/json
      Private-Token:
      - ""
      User-Agent:
      - go-gitlab
    url: https://gitlab.com/api/v4/projects/weaveworks%2Ftest-org-repo
    method: GET
  response:
    body: '{"id":27149941,"description":"test org repository","name":"test-org-repo","name_with_namespace":"weaveworks
      / test-org-repo","path":"test-org-repo","path_with_namespace":"weaveworks/test-org-repo","created_at":"2021-06-03T22:44:02.994Z","default_branch":"main","tag_list":[],"ssh_url_to_repo":"git@gitlab.com:weaveworks/test-org-repo.git","http_url_to_repo":"https://gitlab.com/weaveworks/test-org-repo.git","web_url":"https://gitlab.com/weaveworks/test-org-repo","readme_url":"https://gitlab.com/weaveworks/test-org-repo/-/blob/main/README.md","avatar_url":null,"forks_count":0,"star_count":0,"last_activity_at":"2021-06-03T22:44:02.994Z","namespace":{"id":12141987,"name":"weaveworks","path":"weaveworks","kind":"group","full_path":"weaveworks","parent_id":null,"avatar_url":null,"web_url":"https://gitlab.com/groups/weaveworks"},"container_registry_image_prefix":"registry.gitlab.com/weaveworks/test-org-repo","_links":{"self":"https://gitlab.com/api/v4/projects/27149941","issues":"https://gitlab.com/api/v4/projects/27149941/issues","merge_requests":"https://gitlab.com/api/v4/projects/27149941/merge_requests","repo_branches":"https://gitlab.com/api/v4/projects/27149941/repository/branches","labels":"https://gitlab.com/api/v4/projects/27149941/labels","events":"https://gitlab.com/api/v4/projects/27149941/events","members":"https://gitlab.com/api/v4/projects/27149941/members"},"packages_enabled":true,"empty_repo":false,"archived":false,"visibility":"private","resolve_outdated_diff_discussions":false,"container_registry_enabled":true,"container_expiration_policy":{"cadence":"1d","enabled":false,"keep_n":10,"older_than":"90d","name_regex":".*","name_regex_keep":null,"next_run_at":"2021-06-04T22:44:03.015Z"},"issues_enabled":true,"merge_requests_enabled":true,"wiki_enabled":true,"jobs_enabled":true,"snippets_enabled":true,"service_desk_enabled":true,"service_desk_address":"incoming+weaveworks-test-org-repo-27149941-issue-@incoming.gitlab.com","can_create_merge_request_in":true,"issues_access_level":"enabled","repository_access_level":"enabled","merge_requests_access_level":"enabled","forking_access_level":"enabled","wiki_access_level":"enabled","builds_access_level":"enabled","snippets_access_level":"enabled","pages_access_level":"private","operations_access_level":"enabled","analytics_access_level":"enabled","emails_disabled":null,"shared_runners_enabled":true,"lfs_enabled":true,"creator_id":6420,"import_status":"none","import_error":null,"open_issues_count":0,"runners_token":"nQbstSXzCaMwybyqEqCc","ci_default_git_depth":50,"ci_forward_deployment_enabled":true,"public_jobs":true,"build_git_strategy":"fetch","build_timeout":3600,"auto_cancel_pending_pipelines":"enabled","build_coverage_regex":null,"ci_config_path":"","shared_with_groups":[],"only_allow_merge_if_pipeline_succeeds":false,"allow_merge_on_skipped_pipeline":null,"restrict_user_defined_variables":false,"request_access_enabled":true,"only_allow_merge_if_all_discussions_are_resolved":false,"remove_source_branch_after_merge":true,"printing_merge_request_link_enabled":true,"merge_method":"merge","suggestion_commit_message":null,"auto_devops_enabled":false,"auto_devops_deploy_strategy":"continuous","autoclose_referenced_issues":true,"external_authorization_classification_label":"","requirements_enabled":false,"security_and_compliance_enabled":true,"compliance_frameworks":[],"permissions":{"project_access":null,"group_access":{"access_level":50,"notification_level":3}}}'
    headers:
      Cache-Control:
      - max-age=0, private, must-revalidate
      Cf-Cache-Status:
      - DYNAMIC
      Cf-Ray:
      - 659c71b95b94cf9a-FOR
      Cf-Request-Id:
      - 0a75a567d30000cf9a361dc000000001
      Content-Type:
      - application/json
      Date:
      - Thu, 03 Jun 2021 22:44:07 GMT
      Etag:
      - W/"e228926764b54b693420ad792e14380a"
      Expect-Ct:
      - max-age=604800, report-uri="https://report-uri.cloudflare.com/cdn-cgi/beacon/expect-ct"
      Gitlab-Lb:
      - fe-02-lb-gprd
      Gitlab-Sv:
      - localhost
      Ratelimit-Limit:
      - "2000"
      Ratelimit-Observed:
      - "9"
      Ratelimit-Remaining:
      - "1991"
      Ratelimit-Reset:
      - "1622760307"
      Ratelimit-Resettime:
      - Thu, 03 Jun 2021 22:45:07 GMT
      Referrer-Policy:
      - strict-origin-when-cross-origin
      Server:
      - cloudflare
      Strict-Transport-Security:
      - max-age=31536000
      Vary:
      - Origin
      X-Content-Type-Options:
      - nosniff
      X-Frame-Options:
      - SAMEORIGIN
      X-Gitlab-Feature-Category:
      - projects
      X-Request-Id:
      - 01F7A0RM30902S8WBR8J050R86
      X-Runtime:
      - "0.143449"
    status: 200 OK
    code: 200
    duration: ""
- request:
    body: ""
    form: {}
    headers:
      Accept:
      - application/json
      Private-Token:
      - ""
      User-Agent:
      - go-gitlab
    url: https://gitlab.com/api/v4/projects/weaveworks%2Ftest-org-repo/repository/commits?per_page=1&ref_name=branchdoesnotexists
    method: GET
  response:
    body: '[]'
    headers:
      Cache-Control:
      - max-age=0, private, must-revalidate
      Cf-Cache-Status:
      - DYNAMIC
      Cf-Ray:
      - 659c71bb896ccf9a-FOR
      Cf-Request-Id:
      - 0a75a5693a0000cf9aea998000000001
      Content-Length:
      - "2"
      Content-Type:
      - application/json
      Date:
      - Thu, 03 Jun 2021 22:44:07 GMT
      Etag:
      - W/"4f53cda18c2baa0c0354bb5f9a3ecbe5"
      Expect-Ct:
      - max-age=604800, report-uri="https://report-uri.cloudflare.com/cdn-cgi/beacon/expect-ct"
      Gitlab-Lb:
      - fe-02-lb-gprd
      Gitlab-Sv:
      - localhost
      Link:
      - <https://gitlab.com/api/v4/projects/weaveworks%2Ftest-org-repo/repository/commits?id=weaveworks%2Ftest-org-repo&order=default&page=1&per_page=1&ref_name=branchdoesnotexists>;
        rel="first", <https://gitlab.com/api/v4/projects/weaveworks%2Ftest-org-repo/repository/commits?id=weaveworks%2Ftest-org-repo&order=default&page=1&per_page=1&ref_name=branchdoesnotexists>;
        rel="last"
      Ratelimit-Limit:
      - "2000"
      Ratelimit-Observed:
      - "10"
      Ratelimit-Remaining:
      - "1990"
      Ratelimit-Reset:
      - "1622760307"
      Ratelimit-Resettime:
      - Thu, 03 Jun 2021 22:45:07 GMT
      Referrer-Policy:
      - strict-origin-when-cross-origin
      Server:
      - cloudflare
      Strict-Transport-Security:
      - max-age=31536000
      Vary:
      - Origin
      X-Content-Type-Options:
      - nosniff
      X-Frame-Options:
      - SAMEORIGIN
      X-Gitlab-Feature-Category:
      - source_code_management
      X-Next-Page:
      - ""
      X-Page:
      - "1"
      X-Per-Page:
      - "1"
      X-Prev-Page:
      - ""
      X-Request-Id:
      - 01F7A0RME0XFHAZPAYBK5XWACF
      X-Runtime:
      - "0.068552"
    status: 200 OK
    code: 200
    duration: ""
- request:
    body: ""
    form: {}
    headers:
      Accept:
      - application/json
      Private-Token:
      - ""
      User-Agent:
      - go-gitlab
    url: https://gitlab.com/api/v4/projects/doesnotexists%2Ftest-org-repo
    method: GET
  response:
    body: '{"message":"404 Project Not Found"}'
    headers:
      Cache-Control:
      - no-cache
      Cf-Cache-Status:
      - DYNAMIC
      Cf-Ray:
      - 659c71bd3dcdcf9a-FOR
      Cf-Request-Id:
      - 0a75a56a470000cf9ae5a38000000001
      Content-Length:
      - "35"
      Content-Type:
      - application/json
      Date:
      - Thu, 03 Jun 2021 22:44:08 GMT
      Expect-Ct:
      - max-age=604800, report-uri="https://report-uri.cloudflare.com/cdn-cgi/beacon/expect-ct"
      Gitlab-Lb:
      - fe-10-lb-gprd
      Gitlab-Sv:
      - localhost
      Ratelimit-Limit:
      - "2000"
      Ratelimit-Observed:
      - "11"
      Ratelimit-Remaining:
      - "1989"
      Ratelimit-Reset:
      - "1622760308"
      Ratelimit-Resettime:
      - Thu, 03 Jun 2021 22:45:08 GMT
      Referrer-Policy:
      - strict-origin-when-cross-origin
      Server:
      - cloudflare
      Strict-Transport-Security:
      - max-age=31536000
      Vary:
      - Origin
      X-Content-Type-Options:
      - nosniff
      X-Frame-Options:
      - SAMEORIGIN
      X-Gitlab-Feature-Category:
      - projects
      X-Request-Id:
      - 01F7A0RMPQB2RGKNY2JR5XEGJK
      X-Runtime:
      - "0.030384"
    status: 404 Not Found
    code: 404
    duration: ""
- request:
    body: ""
    form: {}
    headers:
      Accept:
      - application/json
      Private-Token:
      - ""
      User-Agent:
      - go-gitlab
    url: https://gitlab.com/api/v4/projects/weaveworks%2Ftest-org-repo
    method: GET
  response:
    body: '{"id":27149941,"description":"test org repository","name":"test-org-repo","name_with_namespace":"weaveworks
      / test-org-repo","path":"test-org-repo","path_with_namespace":"weaveworks/test-org-repo","created_at":"2021-06-03T22:44:02.994Z","default_branch":"main","tag_list":[],"ssh_url_to_repo":"git@gitlab.com:weaveworks/test-org-repo.git","http_url_to_repo":"https://gitlab.com/weaveworks/test-org-repo.git","web_url":"https://gitlab.com/weaveworks/test-org-repo","readme_url":"https://gitlab.com/weaveworks/test-org-repo/-/blob/main/README.md","avatar_url":null,"forks_count":0,"star_count":0,"last_activity_at":"2021-06-03T22:44:02.994Z","namespace":{"id":12141987,"name":"weaveworks","path":"weaveworks","kind":"group","full_path":"weaveworks","parent_id":null,"avatar_url":null,"web_url":"https://gitlab.com/groups/weaveworks"},"container_registry_image_prefix":"registry.gitlab.com/weaveworks/test-org-repo","_links":{"self":"https://gitlab.com/api/v4/projects/27149941","issues":"https://gitlab.com/api/v4/projects/27149941/issues","merge_requests":"https://gitlab.com/api/v4/projects/27149941/merge_requests","repo_branches":"https://gitlab.com/api/v4/projects/27149941/repository/branches","labels":"https://gitlab.com/api/v4/projects/27149941/labels","events":"https://gitlab.com/api/v4/projects/27149941/events","members":"https://gitlab.com/api/v4/projects/27149941/members"},"packages_enabled":true,"empty_repo":false,"archived":false,"visibility":"private","resolve_outdated_diff_discussions":false,"container_registry_enabled":true,"container_expiration_policy":{"cadence":"1d","enabled":false,"keep_n":10,"older_than":"90d","name_regex":".*","name_regex_keep":null,"next_run_at":"2021-06-04T22:44:03.015Z"},"issues_enabled":true,"merge_requests_enabled":true,"wiki_enabled":true,"jobs_enabled":true,"snippets_enabled":true,"service_desk_enabled":true,"service_desk_address":"incoming+weaveworks-test-org-repo-27149941-issue-@incoming.gitlab.com","can_create_merge_request_in":true,"issues_access_level":"enabled","repository_access_level":"enabled","merge_requests_access_level":"enabled","forking_access_level":"enabled","wiki_access_level":"enabled","builds_access_level":"enabled","snippets_access_level":"enabled","pages_access_level":"private","operations_access_level":"enabled","analytics_access_level":"enabled","emails_disabled":null,"shared_runners_enabled":true,"lfs_enabled":true,"creator_id":6420,"import_status":"none","import_error":null,"open_issues_count":0,"runners_token":"nQbstSXzCaMwybyqEqCc","ci_default_git_depth":50,"ci_forward_deployment_enabled":true,"public_jobs":true,"build_git_strategy":"fetch","build_timeout":3600,"auto_cancel_pending_pipelines":"enabled","build_coverage_regex":null,"ci_config_path":"","shared_with_groups":[],"only_allow_merge_if_pipeline_succeeds":false,"allow_merge_on_skipped_pipeline":null,"restrict_user_defined_variables":false,"request_access_enabled":true,"only_allow_merge_if_all_discussions_are_resolved":false,"remove_source_branch_after_merge":true,"printing_merge_request_link_enabled":true,"merge_method":"merge","suggestion_commit_message":null,"auto_devops_enabled":false,"auto_devops_deploy_strategy":"continuous","autoclose_referenced_issues":true,"external_authorization_classification_label":"","requirements_enabled":false,"security_and_compliance_enabled":true,"compliance_frameworks":[],"permissions":{"project_access":null,"group_access":{"access_level":50,"notification_level":3}}}'
    headers:
      Cache-Control:
      - max-age=0, private, must-revalidate
      Cf-Cache-Status:
      - DYNAMIC
      Cf-Ray:
      - 659c71beb913cf9a-FOR
      Cf-Request-Id:
      - 0a75a56b300000cf9ae504c000000001
      Content-Type:
      - application/json
      Date:
      - Thu, 03 Jun 2021 22:44:08 GMT
      Etag:
      - W/"e228926764b54b693420ad792e14380a"
      Expect-Ct:
      - max-age=604800, report-uri="https://report-uri.cloudflare.com/cdn-cgi/beacon/expect-ct"
      Gitlab-Lb:
      - fe-01-lb-gprd
      Gitlab-Sv:
      - localhost
      Ratelimit-Limit:
      - "2000"
      Ratelimit-Observed:
      - "12"
      Ratelimit-Remaining:
      - "1988"
      Ratelimit-Reset:
      - "1622760308"
      Ratelimit-Resettime:
      - Thu, 03 Jun 2021 22:45:08 GMT
      Referrer-Policy:
      - strict-origin-when-cross-origin
      Server:
      - cloudflare
      Strict-Transport-Security:
      - max-age=31536000
      Vary:
      - Origin
      X-Content-Type-Options:
      - nosniff
      X-Frame-Options:
      - SAMEORIGIN
      X-Gitlab-Feature-Category:
      - projects
      X-Request-Id:
      - 01F7A0RMXJQPP0YMC6MFTAF2JX
      X-Runtime:
      - "0.119882"
    status: 200 OK
    code: 200
    duration: ""
- request:
    body: ""
    form: {}
    headers:
      Accept:
      - application/json
      Private-Token:
      - ""
      User-Agent:
      - go-gitlab
    url: https://gitlab.com/api/v4/projects/weaveworks%2Ftest-org-repo
    method: DELETE
  response:
    body: '{"message":"202 Accepted"}'
    headers:
      Cache-Control:
      - no-cache
      Cf-Cache-Status:
      - DYNAMIC
      Cf-Ray:
      - 659c71c0adbbcf9a-FOR
      Cf-Request-Id:
      - 0a75a56c6d0000cf9a6c8f9000000001
      Content-Length:
      - "26"
      Content-Type:
      - application/json
      Date:
      - Thu, 03 Jun 2021 22:44:08 GMT
      Expect-Ct:
      - max-age=604800, report-uri="https://report-uri.cloudflare.com/cdn-cgi/beacon/expect-ct"
      Gitlab-Lb:
      - fe-12-lb-gprd
      Gitlab-Sv:
      - localhost
      Ratelimit-Limit:
      - "2000"
      Ratelimit-Observed:
      - "13"
      Ratelimit-Remaining:
      - "1987"
      Ratelimit-Reset:
      - "1622760308"
      Ratelimit-Resettime:
      - Thu, 03 Jun 2021 22:45:08 GMT
      Referrer-Policy:
      - strict-origin-when-cross-origin
      Server:
      - cloudflare
      Strict-Transport-Security:
      - max-age=31536000
      Vary:
      - Origin
      X-Content-Type-Options:
      - nosniff
      X-Frame-Options:
      - SAMEORIGIN
      X-Gitlab-Feature-Category:
      - projects
      X-Request-Id:
      - 01F7A0RN63E7QXB0FC10K7TYNV
      X-Runtime:
      - "0.093936"
    status: 202 Accepted
    code: 202
    duration: ""
- request:
    body: '{"name":"test-user-repo","default_branch":"master","description":"test
      user repository","visibility":"private","initialize_with_readme":true}'
    form: {}
    headers:
      Accept:
      - application/json
      Content-Type:
      - application/json
      Private-Token:
      - ""
      User-Agent:
      - go-gitlab
    url: https://gitlab.com/api/v4/projects
    method: POST
  response:
    body: '{"id":27149942,"description":"test user repository","name":"test-user-repo","name_with_namespace":"Luiz
      Filho / test-user-repo","path":"test-user-repo","path_with_namespace":"bot/test-user-repo","created_at":"2021-06-03T22:44:08.915Z","default_branch":"main","tag_list":[],"ssh_url_to_repo":"git@gitlab.com:bot/test-user-repo.git","http_url_to_repo":"https://gitlab.com/bot/test-user-repo.git","web_url":"https://gitlab.com/bot/test-user-repo","readme_url":"https://gitlab.com/bot/test-user-repo/-/blob/main/README.md","avatar_url":null,"forks_count":0,"star_count":0,"last_activity_at":"2021-06-03T22:44:08.915Z","namespace":{"id":6677,"name":"Luiz
      Filho","path":"bot","kind":"user","full_path":"bot","parent_id":null,"avatar_url":"https://secure.gravatar.com/avatar/84b9186b342c92c3f9239f085a66f8ce?s=80\u0026d=identicon","web_url":"https://gitlab.com/bot"},"container_registry_image_prefix":"registry.gitlab.com/bot/test-user-repo","_links":{"self":"https://gitlab.com/api/v4/projects/27149942","issues":"https://gitlab.com/api/v4/projects/27149942/issues","merge_requests":"https://gitlab.com/api/v4/projects/27149942/merge_requests","repo_branches":"https://gitlab.com/api/v4/projects/27149942/repository/branches","labels":"https://gitlab.com/api/v4/projects/27149942/labels","events":"https://gitlab.com/api/v4/projects/27149942/events","members":"https://gitlab.com/api/v4/projects/27149942/members"},"packages_enabled":true,"empty_repo":false,"archived":false,"visibility":"private","owner":{"id":6420,"name":"Luiz
      Filho","username":"bot","state":"active","avatar_url":"https://secure.gravatar.com/avatar/84b9186b342c92c3f9239f085a66f8ce?s=80\u0026d=identicon","web_url":"https://gitlab.com/bot"},"resolve_outdated_diff_discussions":false,"container_registry_enabled":true,"container_expiration_policy":{"cadence":"1d","enabled":false,"keep_n":10,"older_than":"90d","name_regex":".*","name_regex_keep":null,"next_run_at":"2021-06-04T22:44:08.929Z"},"issues_enabled":true,"merge_requests_enabled":true,"wiki_enabled":true,"jobs_enabled":true,"snippets_enabled":true,"service_desk_enabled":true,"service_desk_address":"incoming+bot-test-user-repo-27149942-issue-@incoming.gitlab.com","can_create_merge_request_in":true,"issues_access_level":"enabled","repository_access_level":"enabled","merge_requests_access_level":"enabled","forking_access_level":"enabled","wiki_access_level":"enabled","builds_access_level":"enabled","snippets_access_level":"enabled","pages_access_level":"private","operations_access_level":"enabled","analytics_access_level":"enabled","emails_disabled":null,"shared_runners_enabled":true,"lfs_enabled":true,"creator_id":6420,"import_status":"none","import_error":null,"open_issues_count":0,"runners_token":"A9rjJDfGLjctVTyt5Xy7","ci_default_git_depth":50,"ci_forward_deployment_enabled":true,"public_jobs":true,"build_git_strategy":"fetch","build_timeout":3600,"auto_cancel_pending_pipelines":"enabled","build_coverage_regex":null,"ci_config_path":"","shared_with_groups":[],"only_allow_merge_if_pipeline_succeeds":false,"allow_merge_on_skipped_pipeline":null,"restrict_user_defined_variables":false,"request_access_enabled":true,"only_allow_merge_if_all_discussions_are_resolved":false,"remove_source_branch_after_merge":true,"printing_merge_request_link_enabled":true,"merge_method":"merge","suggestion_commit_message":null,"auto_devops_enabled":false,"auto_devops_deploy_strategy":"continuous","autoclose_referenced_issues":true,"external_authorization_classification_label":"","requirements_enabled":false,"security_and_compliance_enabled":true,"compliance_frameworks":[]}'
    headers:
      Cache-Control:
      - max-age=0, private, must-revalidate
      Cf-Cache-Status:
      - DYNAMIC
      Cf-Ray:
      - 659c71c23951cf9a-FOR
      Cf-Request-Id:
      - 0a75a56d610000cf9a4788b000000001
      Content-Type:
      - application/json
      Date:
      - Thu, 03 Jun 2021 22:44:09 GMT
      Etag:
      - W/"9b5ee23a165bc81c7b4ca69c3654f07f"
      Expect-Ct:
      - max-age=604800, report-uri="https://report-uri.cloudflare.com/cdn-cgi/beacon/expect-ct"
      Gitlab-Lb:
      - fe-05-lb-gprd
      Gitlab-Sv:
      - localhost
      Ratelimit-Limit:
      - "2000"
      Ratelimit-Observed:
      - "14"
      Ratelimit-Remaining:
      - "1986"
      Ratelimit-Reset:
      - "1622760309"
      Ratelimit-Resettime:
      - Thu, 03 Jun 2021 22:45:09 GMT
      Referrer-Policy:
      - strict-origin-when-cross-origin
      Server:
      - cloudflare
      Strict-Transport-Security:
      - max-age=31536000
      Vary:
      - Origin
      X-Content-Type-Options:
      - nosniff
      X-Frame-Options:
      - SAMEORIGIN
      X-Gitlab-Feature-Category:
      - projects
      X-Request-Id:
      - 01F7A0RNF3B3R6BGXWKHT1ZWHJ
      X-Runtime:
      - "0.891880"
    status: 201 Created
    code: 201
    duration: ""
- request:
    body: '{"name":"test-user-repo","default_branch":"master","description":"test
      user repository","visibility":"private","initialize_with_readme":true}'
    form: {}
    headers:
      Accept:
      - application/json
      Content-Type:
      - application/json
      Private-Token:
      - ""
      User-Agent:
      - go-gitlab
    url: https://gitlab.com/api/v4/projects
    method: POST
  response:
    body: '{"message":{"name":["has already been taken"],"path":["has already been
      taken"],"limit_reached":[]}}'
    headers:
      Cache-Control:
      - no-cache
      Cf-Cache-Status:
      - DYNAMIC
      Cf-Ray:
      - 659c71c8f97ecf9a-FOR
      Cf-Request-Id:
      - 0a75a5719f0000cf9a38026000000001
      Content-Length:
      - "100"
      Content-Type:
      - application/json
      Date:
      - Thu, 03 Jun 2021 22:44:10 GMT
      Expect-Ct:
      - max-age=604800, report-uri="https://report-uri.cloudflare.com/cdn-cgi/beacon/expect-ct"
      Gitlab-Lb:
      - fe-03-lb-gprd
      Gitlab-Sv:
      - localhost
      Ratelimit-Limit:
      - "2000"
      Ratelimit-Observed:
      - "15"
      Ratelimit-Remaining:
      - "1985"
      Ratelimit-Reset:
      - "1622760309"
      Ratelimit-Resettime:
      - Thu, 03 Jun 2021 22:45:09 GMT
      Referrer-Policy:
      - strict-origin-when-cross-origin
      Server:
      - cloudflare
      Strict-Transport-Security:
      - max-age=31536000
      Vary:
      - Origin
      X-Content-Type-Options:
      - nosniff
      X-Frame-Options:
      - SAMEORIGIN
      X-Gitlab-Feature-Category:
      - projects
      X-Request-Id:
      - 01F7A0RPFEA1GTQ8SSX1H6X7JE
      X-Runtime:
      - "0.113619"
    status: 400 Bad Request
    code: 400
    duration: ""
- request:
    body: ""
    form: {}
    headers:
      Accept:
      - application/json
      Private-Token:
      - ""
      User-Agent:
      - go-gitlab
    url: https://gitlab.com/api/v4/projects/bot%2Ftest-user-repo
    method: GET
  response:
    body: '{"id":27149942,"description":"test user repository","name":"test-user-repo","name_with_namespace":"Luiz
      Filho / test-user-repo","path":"test-user-repo","path_with_namespace":"bot/test-user-repo","created_at":"2021-06-03T22:44:08.915Z","default_branch":"main","tag_list":[],"ssh_url_to_repo":"git@gitlab.com:bot/test-user-repo.git","http_url_to_repo":"https://gitlab.com/bot/test-user-repo.git","web_url":"https://gitlab.com/bot/test-user-repo","readme_url":"https://gitlab.com/bot/test-user-repo/-/blob/main/README.md","avatar_url":null,"forks_count":0,"star_count":0,"last_activity_at":"2021-06-03T22:44:08.915Z","namespace":{"id":6677,"name":"Luiz
      Filho","path":"bot","kind":"user","full_path":"bot","parent_id":null,"avatar_url":"https://secure.gravatar.com/avatar/84b9186b342c92c3f9239f085a66f8ce?s=80\u0026d=identicon","web_url":"https://gitlab.com/bot"},"container_registry_image_prefix":"registry.gitlab.com/bot/test-user-repo","_links":{"self":"https://gitlab.com/api/v4/projects/27149942","issues":"https://gitlab.com/api/v4/projects/27149942/issues","merge_requests":"https://gitlab.com/api/v4/projects/27149942/merge_requests","repo_branches":"https://gitlab.com/api/v4/projects/27149942/repository/branches","labels":"https://gitlab.com/api/v4/projects/27149942/labels","events":"https://gitlab.com/api/v4/projects/27149942/events","members":"https://gitlab.com/api/v4/projects/27149942/members"},"packages_enabled":true,"empty_repo":false,"archived":false,"visibility":"private","owner":{"id":6420,"name":"Luiz
      Filho","username":"bot","state":"active","avatar_url":"https://secure.gravatar.com/avatar/84b9186b342c92c3f9239f085a66f8ce?s=80\u0026d=identicon","web_url":"https://gitlab.com/bot"},"resolve_outdated_diff_discussions":false,"container_registry_enabled":true,"container_expiration_policy":{"cadence":"1d","enabled":false,"keep_n":10,"older_than":"90d","name_regex":".*","name_regex_keep":null,"next_run_at":"2021-06-04T22:44:08.929Z"},"issues_enabled":true,"merge_requests_enabled":true,"wiki_enabled":true,"jobs_enabled":true,"snippets_enabled":true,"service_desk_enabled":true,"service_desk_address":"incoming+bot-test-user-repo-27149942-issue-@incoming.gitlab.com","can_create_merge_request_in":true,"issues_access_level":"enabled","repository_access_level":"enabled","merge_requests_access_level":"enabled","forking_access_level":"enabled","wiki_access_level":"enabled","builds_access_level":"enabled","snippets_access_level":"enabled","pages_access_level":"private","operations_access_level":"enabled","analytics_access_level":"enabled","emails_disabled":null,"shared_runners_enabled":true,"lfs_enabled":true,"creator_id":6420,"import_status":"none","import_error":null,"open_issues_count":0,"runners_token":"A9rjJDfGLjctVTyt5Xy7","ci_default_git_depth":50,"ci_forward_deployment_enabled":true,"public_jobs":true,"build_git_strategy":"fetch","build_timeout":3600,"auto_cancel_pending_pipelines":"enabled","build_coverage_regex":null,"ci_config_path":"","shared_with_groups":[],"only_allow_merge_if_pipeline_succeeds":false,"allow_merge_on_skipped_pipeline":null,"restrict_user_defined_variables":false,"request_access_enabled":true,"only_allow_merge_if_all_discussions_are_resolved":false,"remove_source_branch_after_merge":true,"printing_merge_request_link_enabled":true,"merge_method":"merge","suggestion_commit_message":null,"auto_devops_enabled":false,"auto_devops_deploy_strategy":"continuous","autoclose_referenced_issues":true,"external_authorization_classification_label":"","requirements_enabled":false,"security_and_compliance_enabled":true,"compliance_frameworks":[],"permissions":{"project_access":{"access_level":40,"notification_level":3},"group_access":null}}'
    headers:
      Cache-Control:
      - max-age=0, private, must-revalidate
      Cf-Cache-Status:
      - DYNAMIC
      Cf-Ray:
      - 659c71cbd8e8cf9a-FOR
      Cf-Request-Id:
      - 0a75a5737f0000cf9ae7822000000001
      Content-Type:
      - application/json
      Date:
      - Thu, 03 Jun 2021 22:44:10 GMT
      Etag:
      - W/"3658dbdf88ee094210dc49861793d2f6"
      Expect-Ct:
      - max-age=604800, report-uri="https://report-uri.cloudflare.com/cdn-cgi/beacon/expect-ct"
      Gitlab-Lb:
      - fe-04-lb-gprd
      Gitlab-Sv:
      - localhost
      Ratelimit-Limit:
      - "2000"
      Ratelimit-Observed:
      - "15"
      Ratelimit-Remaining:
      - "1985"
      Ratelimit-Reset:
      - "1622760310"
      Ratelimit-Resettime:
      - Thu, 03 Jun 2021 22:45:10 GMT
      Referrer-Policy:
      - strict-origin-when-cross-origin
      Server:
      - cloudflare
      Strict-Transport-Security:
      - max-age=31536000
      Vary:
      - Origin
      X-Content-Type-Options:
      - nosniff
      X-Frame-Options:
      - SAMEORIGIN
      X-Gitlab-Feature-Category:
      - projects
      X-Request-Id:
      - 01F7A0RPYWNCDGWQ2BAMVA403W
      X-Runtime:
      - "0.169438"
    status: 200 OK
    code: 200
    duration: ""
- request:
    body: ""
    form: {}
    headers:
      Accept:
      - application/json
      Private-Token:
      - ""
      User-Agent:
      - go-gitlab
    url: https://gitlab.com/api/v4/projects/bot%2Ftest-user-repo/repository/commits?per_page=1&ref_name=main
    method: GET
  response:
    body: '[{"id":"9784e7a93daf245ce77dbf82109754c3a1dceefb","short_id":"9784e7a9","created_at":"2021-06-03T22:44:09.000+00:00","parent_ids":[],"title":"Initial
      commit","message":"Initial commit","author_name":"Luiz Filho","author_email":"bot@gmail.com","authored_date":"2021-06-03T22:44:09.000+00:00","committer_name":"Luiz
      Filho","committer_email":"bot@gmail.com","committed_date":"2021-06-03T22:44:09.000+00:00","web_url":"https://gitlab.com/bot/test-user-repo/-/commit/9784e7a93daf245ce77dbf82109754c3a1dceefb"}]'
    headers:
      Cache-Control:
      - max-age=0, private, must-revalidate
      Cf-Cache-Status:
      - DYNAMIC
      Cf-Ray:
      - 659c71cf081dcf9a-FOR
      Cf-Request-Id:
      - 0a75a575610000cf9ae785d000000001
      Content-Type:
      - application/json
      Date:
      - Thu, 03 Jun 2021 22:44:11 GMT
      Etag:
      - W/"74b5f677147c53cb5b355bef036e7906"
      Expect-Ct:
      - max-age=604800, report-uri="https://report-uri.cloudflare.com/cdn-cgi/beacon/expect-ct"
      Gitlab-Lb:
      - fe-07-lb-gprd
      Gitlab-Sv:
      - localhost
      Link:
      - <https://gitlab.com/api/v4/projects/bot%2Ftest-user-repo/repository/commits?id=bot%2Ftest-user-repo&order=default&page=2&per_page=1&ref_name=main>;
        rel="next", <https://gitlab.com/api/v4/projects/bot%2Ftest-user-repo/repository/commits?id=bot%2Ftest-user-repo&order=default&page=1&per_page=1&ref_name=main>;
        rel="first", <https://gitlab.com/api/v4/projects/bot%2Ftest-user-repo/repository/commits?id=bot%2Ftest-user-repo&order=default&page=2&per_page=1&ref_name=main>;
        rel="last"
      Ratelimit-Limit:
      - "2000"
      Ratelimit-Observed:
      - "16"
      Ratelimit-Remaining:
      - "1984"
      Ratelimit-Reset:
      - "1622760311"
      Ratelimit-Resettime:
      - Thu, 03 Jun 2021 22:45:11 GMT
      Referrer-Policy:
      - strict-origin-when-cross-origin
      Server:
      - cloudflare
      Strict-Transport-Security:
      - max-age=31536000
      Vary:
      - Origin
      X-Content-Type-Options:
      - nosniff
      X-Frame-Options:
      - SAMEORIGIN
      X-Gitlab-Feature-Category:
      - source_code_management
      X-Next-Page:
      - "2"
      X-Page:
      - "1"
      X-Per-Page:
      - "1"
      X-Prev-Page:
      - ""
      X-Request-Id:
      - 01F7A0RQNYD25W1RHWX1WM8TX1
      X-Runtime:
      - "0.052389"
    status: 200 OK
    code: 200
    duration: ""
- request:
    body: '{"branch":"test-user-branch","ref":"9784e7a93daf245ce77dbf82109754c3a1dceefb"}'
    form: {}
    headers:
      Accept:
      - application/json
      Content-Type:
      - application/json
      Private-Token:
      - ""
      User-Agent:
      - go-gitlab
    url: https://gitlab.com/api/v4/projects/bot%2Ftest-user-repo/repository/branches
    method: POST
  response:
    body: '{"name":"test-user-branch","commit":{"id":"9784e7a93daf245ce77dbf82109754c3a1dceefb","short_id":"9784e7a9","created_at":"2021-06-03T22:44:09.000+00:00","parent_ids":[],"title":"Initial
      commit","message":"Initial commit","author_name":"Luiz Filho","author_email":"bot@gmail.com","authored_date":"2021-06-03T22:44:09.000+00:00","committer_name":"Luiz
      Filho","committer_email":"bot@gmail.com","committed_date":"2021-06-03T22:44:09.000+00:00","web_url":"https://gitlab.com/bot/test-user-repo/-/commit/9784e7a93daf245ce77dbf82109754c3a1dceefb"},"merged":false,"protected":false,"developers_can_push":false,"developers_can_merge":false,"can_push":true,"default":false,"web_url":"https://gitlab.com/bot/test-user-repo/-/tree/test-user-branch"}'
    headers:
      Cache-Control:
      - max-age=0, private, must-revalidate
      Cf-Cache-Status:
      - DYNAMIC
      Cf-Ray:
      - 659c71d25fa0cf9a-FOR
      Cf-Request-Id:
      - 0a75a5777b0000cf9ae5bd5000000001
      Content-Length:
      - "768"
      Content-Type:
      - application/json
      Date:
      - Thu, 03 Jun 2021 22:44:12 GMT
      Etag:
      - W/"b064f4497670ebc100aa5f2579197716"
      Expect-Ct:
      - max-age=604800, report-uri="https://report-uri.cloudflare.com/cdn-cgi/beacon/expect-ct"
      Gitlab-Lb:
      - fe-06-lb-gprd
      Gitlab-Sv:
      - localhost
      Ratelimit-Limit:
      - "2000"
      Ratelimit-Observed:
      - "17"
      Ratelimit-Remaining:
      - "1983"
      Ratelimit-Reset:
      - "1622760311"
      Ratelimit-Resettime:
      - Thu, 03 Jun 2021 22:45:11 GMT
      Referrer-Policy:
      - strict-origin-when-cross-origin
      Server:
      - cloudflare
      Strict-Transport-Security:
      - max-age=31536000
      Vary:
      - Origin
      X-Content-Type-Options:
      - nosniff
      X-Frame-Options:
      - SAMEORIGIN
      X-Gitlab-Feature-Category:
      - source_code_management
      X-Request-Id:
      - 01F7A0RR89ST11YMXD2AC90SAX
      X-Runtime:
      - "0.302910"
    status: 201 Created
    code: 201
    duration: ""
- request:
    body: '{"branch":"test-user-branch","commit_message":"added config files","actions":[{"action":"create","file_path":"setup/config.yaml","content":"init
      content"}]}'
    form: {}
    headers:
      Accept:
      - application/json
      Content-Type:
      - application/json
      Private-Token:
      - ""
      User-Agent:
      - go-gitlab
    url: https://gitlab.com/api/v4/projects/bot%2Ftest-user-repo/repository/commits
    method: POST
  response:
    body: '{"id":"08caa21ae8d1921c327f7282f1a39bdc9d60a5a1","short_id":"08caa21a","created_at":"2021-06-03T22:44:12.000+00:00","parent_ids":["9784e7a93daf245ce77dbf82109754c3a1dceefb"],"title":"added
      config files","message":"added config files","author_name":"Luiz Filho","author_email":"bot@gmail.com","authored_date":"2021-06-03T22:44:12.000+00:00","committer_name":"Luiz
      Filho","committer_email":"bot@gmail.com","committed_date":"2021-06-03T22:44:12.000+00:00","web_url":"https://gitlab.com/bot/test-user-repo/-/commit/08caa21ae8d1921c327f7282f1a39bdc9d60a5a1","stats":{"additions":1,"deletions":0,"total":1},"status":null,"project_id":27149942,"last_pipeline":null}'
    headers:
      Cache-Control:
      - max-age=0, private, must-revalidate
      Cf-Cache-Status:
      - DYNAMIC
      Cf-Ray:
      - 659c71d75b92cf9a-FOR
      Cf-Request-Id:
      - 0a75a57a970000cf9a48297000000001
      Content-Length:
      - "682"
      Content-Type:
      - application/json
      Date:
      - Thu, 03 Jun 2021 22:44:12 GMT
      Etag:
      - W/"310588d0a4b31bd1b946adafcbef85c2"
      Expect-Ct:
      - max-age=604800, report-uri="https://report-uri.cloudflare.com/cdn-cgi/beacon/expect-ct"
      Gitlab-Lb:
      - fe-03-lb-gprd
      Gitlab-Sv:
      - localhost
      Ratelimit-Limit:
      - "2000"
      Ratelimit-Observed:
      - "18"
      Ratelimit-Remaining:
      - "1982"
      Ratelimit-Reset:
      - "1622760312"
      Ratelimit-Resettime:
      - Thu, 03 Jun 2021 22:45:12 GMT
      Referrer-Policy:
      - strict-origin-when-cross-origin
      Server:
      - cloudflare
      Strict-Transport-Security:
      - max-age=31536000
      Vary:
      - Origin
      X-Content-Type-Options:
      - nosniff
      X-Frame-Options:
      - SAMEORIGIN
      X-Gitlab-Feature-Category:
      - source_code_management
      X-Request-Id:
      - 01F7A0RRQA3TK66C4YA7ASQC21
      X-Runtime:
      - "0.368815"
    status: 201 Created
    code: 201
    duration: ""
- request:
    body: '{"title":"config files","description":"test description","source_branch":"test-user-branch","target_branch":"main"}'
    form: {}
    headers:
      Accept:
      - application/json
      Content-Type:
      - application/json
      Private-Token:
      - ""
      User-Agent:
      - go-gitlab
    url: https://gitlab.com/api/v4/projects/bot%2Ftest-user-repo/merge_requests
    method: POST
  response:
    body: '{"id":102745192,"iid":1,"project_id":27149942,"title":"config files","description":"test
      description","state":"opened","created_at":"2021-06-03T22:44:12.818Z","updated_at":"2021-06-03T22:44:12.818Z","merged_by":null,"merged_at":null,"closed_by":null,"closed_at":null,"target_branch":"main","source_branch":"test-user-branch","user_notes_count":0,"upvotes":0,"downvotes":0,"author":{"id":6420,"name":"Luiz
      Filho","username":"bot","state":"active","avatar_url":"https://secure.gravatar.com/avatar/84b9186b342c92c3f9239f085a66f8ce?s=80\u0026d=identicon","web_url":"https://gitlab.com/bot"},"assignees":[],"assignee":null,"reviewers":[],"source_project_id":27149942,"target_project_id":27149942,"labels":[],"work_in_progress":false,"milestone":null,"merge_when_pipeline_succeeds":false,"merge_status":"checking","sha":"08caa21ae8d1921c327f7282f1a39bdc9d60a5a1","merge_commit_sha":null,"squash_commit_sha":null,"discussion_locked":null,"should_remove_source_branch":null,"force_remove_source_branch":null,"reference":"!1","references":{"short":"!1","relative":"!1","full":"bot/test-user-repo!1"},"web_url":"https://gitlab.com/bot/test-user-repo/-/merge_requests/1","time_stats":{"time_estimate":0,"total_time_spent":0,"human_time_estimate":null,"human_total_time_spent":null},"squash":false,"task_completion_status":{"count":0,"completed_count":0},"has_conflicts":false,"blocking_discussions_resolved":true,"approvals_before_merge":null,"subscribed":true,"changes_count":"1","latest_build_started_at":null,"latest_build_finished_at":null,"first_deployed_to_production_at":null,"pipeline":null,"head_pipeline":null,"diff_refs":{"base_sha":"9784e7a93daf245ce77dbf82109754c3a1dceefb","head_sha":"08caa21ae8d1921c327f7282f1a39bdc9d60a5a1","start_sha":"9784e7a93daf245ce77dbf82109754c3a1dceefb"},"merge_error":null,"user":{"can_merge":true}}'
    headers:
      Cache-Control:
      - max-age=0, private, must-revalidate
      Cf-Cache-Status:
      - DYNAMIC
      Cf-Ray:
      - 659c71da9b10cf9a-FOR
      Cf-Request-Id:
      - 0a75a57c9c0000cf9a86944000000001
      Content-Length:
      - "1863"
      Content-Type:
      - application/json
      Date:
      - Thu, 03 Jun 2021 22:44:14 GMT
      Etag:
      - W/"091692ead7ebdc93143a4c7749f94f99"
      Expect-Ct:
      - max-age=604800, report-uri="https://report-uri.cloudflare.com/cdn-cgi/beacon/expect-ct"
      Gitlab-Lb:
      - fe-04-lb-gprd
      Gitlab-Sv:
      - localhost
      Ratelimit-Limit:
      - "2000"
      Ratelimit-Observed:
      - "18"
      Ratelimit-Remaining:
      - "1982"
      Ratelimit-Reset:
      - "1622760314"
      Ratelimit-Resettime:
      - Thu, 03 Jun 2021 22:45:14 GMT
      Referrer-Policy:
      - strict-origin-when-cross-origin
      Server:
      - cloudflare
      Strict-Transport-Security:
      - max-age=31536000
      Vary:
      - Origin
      X-Content-Type-Options:
      - nosniff
      X-Frame-Options:
      - SAMEORIGIN
      X-Gitlab-Feature-Category:
      - code_review
      X-Request-Id:
      - 01F7A0RSA53QQ1GQTAGQFNK5F9
      X-Runtime:
      - "1.359253"
    status: 201 Created
    code: 201
    duration: ""
- request:
    body: ""
    form: {}
    headers:
      Accept:
      - application/json
      Private-Token:
      - ""
      User-Agent:
      - go-gitlab
    url: https://gitlab.com/api/v4/projects/bot%2Ftest-user-repo
    method: GET
  response:
    body: '{"id":27149942,"description":"test user repository","name":"test-user-repo","name_with_namespace":"Luiz
      Filho / test-user-repo","path":"test-user-repo","path_with_namespace":"bot/test-user-repo","created_at":"2021-06-03T22:44:08.915Z","default_branch":"main","tag_list":[],"ssh_url_to_repo":"git@gitlab.com:bot/test-user-repo.git","http_url_to_repo":"https://gitlab.com/bot/test-user-repo.git","web_url":"https://gitlab.com/bot/test-user-repo","readme_url":"https://gitlab.com/bot/test-user-repo/-/blob/main/README.md","avatar_url":null,"forks_count":0,"star_count":0,"last_activity_at":"2021-06-03T22:44:08.915Z","namespace":{"id":6677,"name":"Luiz
      Filho","path":"bot","kind":"user","full_path":"bot","parent_id":null,"avatar_url":"https://secure.gravatar.com/avatar/84b9186b342c92c3f9239f085a66f8ce?s=80\u0026d=identicon","web_url":"https://gitlab.com/bot"},"container_registry_image_prefix":"registry.gitlab.com/bot/test-user-repo","_links":{"self":"https://gitlab.com/api/v4/projects/27149942","issues":"https://gitlab.com/api/v4/projects/27149942/issues","merge_requests":"https://gitlab.com/api/v4/projects/27149942/merge_requests","repo_branches":"https://gitlab.com/api/v4/projects/27149942/repository/branches","labels":"https://gitlab.com/api/v4/projects/27149942/labels","events":"https://gitlab.com/api/v4/projects/27149942/events","members":"https://gitlab.com/api/v4/projects/27149942/members"},"packages_enabled":true,"empty_repo":false,"archived":false,"visibility":"private","owner":{"id":6420,"name":"Luiz
      Filho","username":"bot","state":"active","avatar_url":"https://secure.gravatar.com/avatar/84b9186b342c92c3f9239f085a66f8ce?s=80\u0026d=identicon","web_url":"https://gitlab.com/bot"},"resolve_outdated_diff_discussions":false,"container_registry_enabled":true,"container_expiration_policy":{"cadence":"1d","enabled":false,"keep_n":10,"older_than":"90d","name_regex":".*","name_regex_keep":null,"next_run_at":"2021-06-04T22:44:08.929Z"},"issues_enabled":true,"merge_requests_enabled":true,"wiki_enabled":true,"jobs_enabled":true,"snippets_enabled":true,"service_desk_enabled":true,"service_desk_address":"incoming+bot-test-user-repo-27149942-issue-@incoming.gitlab.com","can_create_merge_request_in":true,"issues_access_level":"enabled","repository_access_level":"enabled","merge_requests_access_level":"enabled","forking_access_level":"enabled","wiki_access_level":"enabled","builds_access_level":"enabled","snippets_access_level":"enabled","pages_access_level":"private","operations_access_level":"enabled","analytics_access_level":"enabled","emails_disabled":null,"shared_runners_enabled":true,"lfs_enabled":true,"creator_id":6420,"import_status":"none","import_error":null,"open_issues_count":0,"runners_token":"A9rjJDfGLjctVTyt5Xy7","ci_default_git_depth":50,"ci_forward_deployment_enabled":true,"public_jobs":true,"build_git_strategy":"fetch","build_timeout":3600,"auto_cancel_pending_pipelines":"enabled","build_coverage_regex":null,"ci_config_path":"","shared_with_groups":[],"only_allow_merge_if_pipeline_succeeds":false,"allow_merge_on_skipped_pipeline":null,"restrict_user_defined_variables":false,"request_access_enabled":true,"only_allow_merge_if_all_discussions_are_resolved":false,"remove_source_branch_after_merge":true,"printing_merge_request_link_enabled":true,"merge_method":"merge","suggestion_commit_message":null,"auto_devops_enabled":false,"auto_devops_deploy_strategy":"continuous","autoclose_referenced_issues":true,"external_authorization_classification_label":"","requirements_enabled":false,"security_and_compliance_enabled":true,"compliance_frameworks":[],"permissions":{"project_access":{"access_level":40,"notification_level":3},"group_access":null}}'
    headers:
      Cache-Control:
      - max-age=0, private, must-revalidate
      Cf-Cache-Status:
      - DYNAMIC
      Cf-Ray:
      - 659c71e48ae7cf9a-FOR
      Cf-Request-Id:
      - 0a75a582d60000cf9a351c0000000001
      Content-Type:
      - application/json
      Date:
      - Thu, 03 Jun 2021 22:44:14 GMT
      Etag:
      - W/"3658dbdf88ee094210dc49861793d2f6"
      Expect-Ct:
      - max-age=604800, report-uri="https://report-uri.cloudflare.com/cdn-cgi/beacon/expect-ct"
      Gitlab-Lb:
      - fe-05-lb-gprd
      Gitlab-Sv:
      - localhost
      Ratelimit-Limit:
      - "2000"
      Ratelimit-Observed:
      - "19"
      Ratelimit-Remaining:
      - "1981"
      Ratelimit-Reset:
      - "1622760314"
      Ratelimit-Resettime:
      - Thu, 03 Jun 2021 22:45:14 GMT
      Referrer-Policy:
      - strict-origin-when-cross-origin
      Server:
      - cloudflare
      Strict-Transport-Security:
      - max-age=31536000
      Vary:
      - Origin
      X-Content-Type-Options:
      - nosniff
      X-Frame-Options:
      - SAMEORIGIN
      X-Gitlab-Feature-Category:
      - projects
      X-Request-Id:
      - 01F7A0RTSA57AQTK805A38ZKK7
      X-Runtime:
      - "0.105378"
    status: 200 OK
    code: 200
    duration: ""
- request:
    body: ""
    form: {}
    headers:
      Accept:
      - application/json
      Private-Token:
      - ""
      User-Agent:
      - go-gitlab
    url: https://gitlab.com/api/v4/projects/bot%2Ftest-user-repo/repository/commits?per_page=1&ref_name=branchdoesnotexists
    method: GET
  response:
    body: '[]'
    headers:
      Cache-Control:
      - max-age=0, private, must-revalidate
      Cf-Cache-Status:
      - DYNAMIC
      Cf-Ray:
      - 659c71e61e77cf9a-FOR
      Cf-Request-Id:
      - 0a75a583d10000cf9a0f1fb000000001
      Content-Length:
      - "2"
      Content-Type:
      - application/json
      Date:
      - Thu, 03 Jun 2021 22:44:14 GMT
      Etag:
      - W/"4f53cda18c2baa0c0354bb5f9a3ecbe5"
      Expect-Ct:
      - max-age=604800, report-uri="https://report-uri.cloudflare.com/cdn-cgi/beacon/expect-ct"
      Gitlab-Lb:
      - fe-04-lb-gprd
      Gitlab-Sv:
      - localhost
      Link:
      - <https://gitlab.com/api/v4/projects/bot%2Ftest-user-repo/repository/commits?id=bot%2Ftest-user-repo&order=default&page=1&per_page=1&ref_name=branchdoesnotexists>;
        rel="first", <https://gitlab.com/api/v4/projects/bot%2Ftest-user-repo/repository/commits?id=bot%2Ftest-user-repo&order=default&page=1&per_page=1&ref_name=branchdoesnotexists>;
        rel="last"
      Ratelimit-Limit:
      - "2000"
      Ratelimit-Observed:
      - "20"
      Ratelimit-Remaining:
      - "1980"
      Ratelimit-Reset:
      - "1622760314"
      Ratelimit-Resettime:
      - Thu, 03 Jun 2021 22:45:14 GMT
      Referrer-Policy:
      - strict-origin-when-cross-origin
      Server:
      - cloudflare
      Strict-Transport-Security:
      - max-age=31536000
      Vary:
      - Origin
      X-Content-Type-Options:
      - nosniff
      X-Frame-Options:
      - SAMEORIGIN
      X-Gitlab-Feature-Category:
      - source_code_management
      X-Next-Page:
      - ""
      X-Page:
      - "1"
      X-Per-Page:
      - "1"
      X-Prev-Page:
      - ""
      X-Request-Id:
      - 01F7A0RV2PY5KZVSXJ52XD5Q1F
      X-Runtime:
      - "0.050798"
    status: 200 OK
    code: 200
    duration: ""
- request:
    body: ""
    form: {}
    headers:
      Accept:
      - application/json
      Private-Token:
      - ""
      User-Agent:
      - go-gitlab
    url: https://gitlab.com/api/v4/projects/doesnotexists%2Ftest-user-repo
    method: GET
  response:
    body: '{"message":"404 Project Not Found"}'
    headers:
      Cache-Control:
      - no-cache
      Cf-Cache-Status:
      - DYNAMIC
      Cf-Ray:
      - 659c71e82b05cf9a-FOR
      Cf-Request-Id:
      - 0a75a585170000cf9a4a01c000000001
      Content-Length:
      - "35"
      Content-Type:
      - application/json
      Date:
      - Thu, 03 Jun 2021 22:44:19 GMT
      Expect-Ct:
      - max-age=604800, report-uri="https://report-uri.cloudflare.com/cdn-cgi/beacon/expect-ct"
      Gitlab-Lb:
      - fe-01-lb-gprd
      Gitlab-Sv:
      - localhost
      Ratelimit-Limit:
      - "2000"
      Ratelimit-Observed:
      - "21"
      Ratelimit-Remaining:
      - "1979"
      Ratelimit-Reset:
      - "1622760319"
      Ratelimit-Resettime:
      - Thu, 03 Jun 2021 22:45:19 GMT
      Referrer-Policy:
      - strict-origin-when-cross-origin
      Server:
      - cloudflare
      Strict-Transport-Security:
      - max-age=31536000
      Vary:
      - Origin
      X-Content-Type-Options:
      - nosniff
      X-Frame-Options:
      - SAMEORIGIN
      X-Gitlab-Feature-Category:
      - projects
      X-Request-Id:
      - 01F7A0RVB8YM6DGJ5H3TZFM4DB
      X-Runtime:
      - "0.094893"
    status: 404 Not Found
    code: 404
    duration: ""
- request:
    body: ""
    form: {}
    headers:
      Accept:
      - application/json
      Private-Token:
      - ""
      User-Agent:
      - go-gitlab
    url: https://gitlab.com/api/v4/projects/bot%2Ftest-user-repo
    method: GET
  response:
    body: '{"id":27149942,"description":"test user repository","name":"test-user-repo","name_with_namespace":"Luiz
      Filho / test-user-repo","path":"test-user-repo","path_with_namespace":"bot/test-user-repo","created_at":"2021-06-03T22:44:08.915Z","default_branch":"main","tag_list":[],"ssh_url_to_repo":"git@gitlab.com:bot/test-user-repo.git","http_url_to_repo":"https://gitlab.com/bot/test-user-repo.git","web_url":"https://gitlab.com/bot/test-user-repo","readme_url":"https://gitlab.com/bot/test-user-repo/-/blob/main/README.md","avatar_url":null,"forks_count":0,"star_count":0,"last_activity_at":"2021-06-03T22:44:08.915Z","namespace":{"id":6677,"name":"Luiz
      Filho","path":"bot","kind":"user","full_path":"bot","parent_id":null,"avatar_url":"https://secure.gravatar.com/avatar/84b9186b342c92c3f9239f085a66f8ce?s=80\u0026d=identicon","web_url":"https://gitlab.com/bot"},"container_registry_image_prefix":"registry.gitlab.com/bot/test-user-repo","_links":{"self":"https://gitlab.com/api/v4/projects/27149942","issues":"https://gitlab.com/api/v4/projects/27149942/issues","merge_requests":"https://gitlab.com/api/v4/projects/27149942/merge_requests","repo_branches":"https://gitlab.com/api/v4/projects/27149942/repository/branches","labels":"https://gitlab.com/api/v4/projects/27149942/labels","events":"https://gitlab.com/api/v4/projects/27149942/events","members":"https://gitlab.com/api/v4/projects/27149942/members"},"packages_enabled":true,"empty_repo":false,"archived":false,"visibility":"private","owner":{"id":6420,"name":"Luiz
      Filho","username":"bot","state":"active","avatar_url":"https://secure.gravatar.com/avatar/84b9186b342c92c3f9239f085a66f8ce?s=80\u0026d=identicon","web_url":"https://gitlab.com/bot"},"resolve_outdated_diff_discussions":false,"container_registry_enabled":true,"container_expiration_policy":{"cadence":"1d","enabled":false,"keep_n":10,"older_than":"90d","name_regex":".*","name_regex_keep":null,"next_run_at":"2021-06-04T22:44:08.929Z"},"issues_enabled":true,"merge_requests_enabled":true,"wiki_enabled":true,"jobs_enabled":true,"snippets_enabled":true,"service_desk_enabled":true,"service_desk_address":"incoming+bot-test-user-repo-27149942-issue-@incoming.gitlab.com","can_create_merge_request_in":true,"issues_access_level":"enabled","repository_access_level":"enabled","merge_requests_access_level":"enabled","forking_access_level":"enabled","wiki_access_level":"enabled","builds_access_level":"enabled","snippets_access_level":"enabled","pages_access_level":"private","operations_access_level":"enabled","analytics_access_level":"enabled","emails_disabled":null,"shared_runners_enabled":true,"lfs_enabled":true,"creator_id":6420,"import_status":"none","import_error":null,"open_issues_count":0,"runners_token":"A9rjJDfGLjctVTyt5Xy7","ci_default_git_depth":50,"ci_forward_deployment_enabled":true,"public_jobs":true,"build_git_strategy":"fetch","build_timeout":3600,"auto_cancel_pending_pipelines":"enabled","build_coverage_regex":null,"ci_config_path":"","shared_with_groups":[],"only_allow_merge_if_pipeline_succeeds":false,"allow_merge_on_skipped_pipeline":null,"restrict_user_defined_variables":false,"request_access_enabled":true,"only_allow_merge_if_all_discussions_are_resolved":false,"remove_source_branch_after_merge":true,"printing_merge_request_link_enabled":true,"merge_method":"merge","suggestion_commit_message":null,"auto_devops_enabled":false,"auto_devops_deploy_strategy":"continuous","autoclose_referenced_issues":true,"external_authorization_classification_label":"","requirements_enabled":false,"security_and_compliance_enabled":true,"compliance_frameworks":[],"permissions":{"project_access":{"access_level":40,"notification_level":3},"group_access":null}}'
    headers:
      Cache-Control:
      - max-age=0, private, must-revalidate
      Cf-Cache-Status:
      - DYNAMIC
      Cf-Ray:
      - 659c72046d72cf9a-FOR
      Cf-Request-Id:
      - 0a75a596bf0000cf9a502e6000000001
      Content-Type:
      - application/json
      Date:
      - Thu, 03 Jun 2021 22:44:19 GMT
      Etag:
      - W/"3658dbdf88ee094210dc49861793d2f6"
      Expect-Ct:
      - max-age=604800, report-uri="https://report-uri.cloudflare.com/cdn-cgi/beacon/expect-ct"
      Gitlab-Lb:
      - fe-11-lb-gprd
      Gitlab-Sv:
      - localhost
      Ratelimit-Limit:
      - "2000"
      Ratelimit-Observed:
      - "22"
      Ratelimit-Remaining:
      - "1978"
      Ratelimit-Reset:
      - "1622760319"
      Ratelimit-Resettime:
      - Thu, 03 Jun 2021 22:45:19 GMT
      Referrer-Policy:
      - strict-origin-when-cross-origin
      Server:
      - cloudflare
      Strict-Transport-Security:
      - max-age=31536000
      Vary:
      - Origin
      X-Content-Type-Options:
      - nosniff
      X-Frame-Options:
      - SAMEORIGIN
      X-Gitlab-Feature-Category:
      - projects
      X-Request-Id:
      - 01F7A0RZRJSZ7RW6EAKV5P3JJG
      X-Runtime:
      - "0.107311"
    status: 200 OK
    code: 200
    duration: ""
- request:
    body: ""
    form: {}
    headers:
      Accept:
      - application/json
      Private-Token:
      - ""
      User-Agent:
      - go-gitlab
    url: https://gitlab.com/api/v4/projects/bot%2Ftest-user-repo
    method: DELETE
  response:
    body: '{"message":"202 Accepted"}'
    headers:
      Cache-Control:
      - no-cache
      Cf-Cache-Status:
      - DYNAMIC
      Cf-Ray:
      - 659c7206093ccf9a-FOR
      Cf-Request-Id:
      - 0a75a597c50000cf9a00189000000001
      Content-Length:
      - "26"
      Content-Type:
      - application/json
      Date:
      - Thu, 03 Jun 2021 22:44:19 GMT
      Expect-Ct:
      - max-age=604800, report-uri="https://report-uri.cloudflare.com/cdn-cgi/beacon/expect-ct"
      Gitlab-Lb:
      - fe-06-lb-gprd
      Gitlab-Sv:
      - localhost
      Ratelimit-Limit:
      - "2000"
      Ratelimit-Observed:
      - "23"
      Ratelimit-Remaining:
      - "1977"
      Ratelimit-Reset:
      - "1622760319"
      Ratelimit-Resettime:
      - Thu, 03 Jun 2021 22:45:19 GMT
      Referrer-Policy:
      - strict-origin-when-cross-origin
      Server:
      - cloudflare
      Strict-Transport-Security:
      - max-age=31536000
      Vary:
      - Origin
      X-Content-Type-Options:
      - nosniff
      X-Frame-Options:
      - SAMEORIGIN
      X-Gitlab-Feature-Category:
      - projects
      X-Request-Id:
      - 01F7A0S00QPQ16363X2402MR27
      X-Runtime:
      - "0.097499"
    status: 202 Accepted
    code: 202
    duration: ""
